// Jest Snapshot v1, https://goo.gl/fbAQLP

exports[`Pruebas en <GiftExpertApp /> Debe de tomar el snapshot 1`] = `
<div>
  <h1>
    GiftExpertApp
  </h1>
  <form
    aria-label="form"
  >
    <input
      placeholder="Buscar Gifs"
      type="text"
      value=""
    />
    <button
      type="submit"
    >
      Agregar
    </button>
  </form>
  <h3>
    One Punch
  </h3>
  <h2>
    Cargando...
  </h2>
  <div
    class="card-grid"
  />
</div>
`;
